<?php return array (
  0 => 'Symfony\\Bundle\\FrameworkBundle\\Controller\\AbstractController',
  1 => 'App\\Controller\\AdminController',
  2 => 'App\\Controller\\ApprenantController',
  3 => 'App\\Controller\\BriefController',
  4 => 'App\\Controller\\CommentaireGeneralController',
  5 => 'App\\Controller\\CompetenceController',
  6 => 'App\\Controller\\FormateurController',
  7 => 'App\\Controller\\GroupeController',
  8 => 'App\\Controller\\GroupecompetenceController',
  9 => 'App\\Controller\\GroupetagController',
  10 => 'App\\Controller\\ProfilsortieController',
  11 => 'App\\Controller\\PromoController',
  12 => 'App\\Controller\\ReferentielController',
  13 => 'App\\Controller\\UserController',
  14 => 'App\\Entity\\Apprenant',
  15 => 'App\\Entity\\Brief',
  16 => 'App\\Entity\\BriefLivrableAttendu',
  17 => 'App\\Entity\\CM',
  18 => 'App\\Entity\\Commentaire',
  19 => 'App\\Entity\\CommentaireGeneral',
  20 => 'App\\Entity\\Competence',
  21 => 'App\\Entity\\FilDeDiscussion',
  22 => 'App\\Entity\\Formateur',
  23 => 'App\\Entity\\Groupe',
  24 => 'App\\Entity\\Groupecompetence',
  25 => 'App\\Entity\\Groupetag',
  26 => 'App\\Entity\\Livrable',
  27 => 'App\\Entity\\LivrableAttendu',
  28 => 'App\\Entity\\LivrablePartiel',
  29 => 'App\\Entity\\LivrableRendu',
  30 => 'App\\Entity\\Niveau',
  31 => 'App\\Entity\\Profil',
  32 => 'App\\Entity\\Profilsortie',
  33 => 'App\\Entity\\Promo',
  34 => 'App\\Entity\\PromoBrief',
  35 => 'App\\Entity\\PromoBriefApprenant',
  36 => 'App\\Entity\\Referentiel',
  37 => 'App\\Entity\\Ressource',
  38 => 'App\\Entity\\StatistiquesCompetences',
  39 => 'App\\Entity\\Tag',
  40 => 'App\\Entity\\User',
  41 => 'Doctrine\\Bundle\\DoctrineBundle\\Controller\\ProfilerController',
  42 => 'Doctrine\\ORM\\Cache\\Persister\\Entity\\AbstractEntityPersister',
  43 => 'Doctrine\\ORM\\Cache\\Persister\\Entity\\CachedEntityPersister',
  44 => 'Doctrine\\ORM\\Cache\\Persister\\Entity\\NonStrictReadWriteCachedEntityPersister',
  45 => 'Doctrine\\ORM\\Cache\\Persister\\Entity\\ReadOnlyCachedEntityPersister',
  46 => 'Doctrine\\ORM\\Cache\\Persister\\Entity\\ReadWriteCachedEntityPersister',
  47 => 'Doctrine\\ORM\\Persisters\\Entity\\AbstractEntityInheritancePersister',
  48 => 'Doctrine\\ORM\\Persisters\\Entity\\BasicEntityPersister',
  49 => 'Doctrine\\ORM\\Persisters\\Entity\\CachedPersisterContext',
  50 => 'Doctrine\\ORM\\Persisters\\Entity\\EntityPersister',
  51 => 'Doctrine\\ORM\\Persisters\\Entity\\JoinedSubclassPersister',
  52 => 'Doctrine\\ORM\\Persisters\\Entity\\SingleTablePersister',
  54 => 'Symfony\\Bundle\\FrameworkBundle\\Controller\\ControllerResolver',
  55 => 'Symfony\\Bundle\\FrameworkBundle\\Controller\\RedirectController',
  56 => 'Symfony\\Bundle\\FrameworkBundle\\Controller\\TemplateController',
  57 => 'Symfony\\Component\\HttpKernel\\Controller\\ArgumentResolver',
  58 => 'Symfony\\Component\\HttpKernel\\Controller\\ArgumentResolverInterface',
  59 => 'Symfony\\Component\\HttpKernel\\Controller\\ArgumentResolver\\DefaultValueResolver',
  60 => 'Symfony\\Component\\HttpKernel\\Controller\\ArgumentResolver\\NotTaggedControllerValueResolver',
  61 => 'Symfony\\Component\\HttpKernel\\Controller\\ArgumentResolver\\RequestAttributeValueResolver',
  62 => 'Symfony\\Component\\HttpKernel\\Controller\\ArgumentResolver\\RequestValueResolver',
  63 => 'Symfony\\Component\\HttpKernel\\Controller\\ArgumentResolver\\ServiceValueResolver',
  64 => 'Symfony\\Component\\HttpKernel\\Controller\\ArgumentResolver\\SessionValueResolver',
  65 => 'Symfony\\Component\\HttpKernel\\Controller\\ArgumentResolver\\TraceableValueResolver',
  66 => 'Symfony\\Component\\HttpKernel\\Controller\\ArgumentResolver\\VariadicValueResolver',
  67 => 'Symfony\\Component\\HttpKernel\\Controller\\ArgumentValueResolverInterface',
  68 => 'Symfony\\Component\\HttpKernel\\Controller\\ContainerControllerResolver',
  69 => 'Symfony\\Component\\HttpKernel\\Controller\\ControllerReference',
  70 => 'Symfony\\Component\\HttpKernel\\Controller\\ControllerResolver',
  71 => 'Symfony\\Component\\HttpKernel\\Controller\\ControllerResolverInterface',
  72 => 'Symfony\\Component\\HttpKernel\\Controller\\ErrorController',
  73 => 'Symfony\\Component\\HttpKernel\\Controller\\TraceableArgumentResolver',
  74 => 'Symfony\\Component\\HttpKernel\\Controller\\TraceableControllerResolver',
  75 => 'Symfony\\Component\\Security\\Http\\Controller\\UserValueResolver',
);